app/(public)/rootClient.tsx(4,30): error TS2307: Cannot find module '@/app/(public)/_components/templates/contentsSelector' or its corresponding type declarations.
app/(public)/rootClient.tsx(5,31): error TS2307: Cannot find module '@/app/(public)/_components/templates/mapViewerOnLaptop' or its corresponding type declarations.
app/(public)/rootClient.tsx(6,26): error TS2307: Cannot find module '@/app/(public)/_components/templates/topUsersList' or its corresponding type declarations.
app/(public)/rootClient.tsx(7,27): error TS2307: Cannot find module '@/app/(public)/_components/templates/topRoutesList' or its corresponding type declarations.
app/(public)/rootClient.tsx(8,35): error TS2307: Cannot find module '@/app/(public)/_components/templates/recommendedRoutesList' or its corresponding type declarations.
app/(public)/rootClient.tsx(9,25): error TS2307: Cannot find module '@/app/(public)/_components/templates/photoViewer' or its corresponding type declarations.
app/(public)/rootClient.tsx(10,28): error TS2307: Cannot find module '@/app/(public)/_components/templates/routeListBasic' or its corresponding type declarations.
app/(public)/rootClient.tsx(16,21): error TS2307: Cannot find module '@/lib/client/types' or its corresponding type declarations.
app/(public)/rootClient.tsx(17,31): error TS2307: Cannot find module '@/app/(public)/_components/templates/mapViewerOnMobile' or its corresponding type declarations.
app/(public)/rootClient.tsx(19,43): error TS2307: Cannot find module '@/lib/client/helpers' or its corresponding type declarations.
app/(public)/rootClient.tsx(57,9): error TS17004: Cannot use JSX unless the '--jsx' flag is provided.
app/(public)/rootClient.tsx(58,13): error TS17004: Cannot use JSX unless the '--jsx' flag is provided.
app/(public)/rootClient.tsx(62,25): error TS17004: Cannot use JSX unless the '--jsx' flag is provided.
app/(public)/rootClient.tsx(63,39): error TS17004: Cannot use JSX unless the '--jsx' flag is provided.
app/(public)/rootClient.tsx(65,33): error TS17004: Cannot use JSX unless the '--jsx' flag is provided.
app/(public)/rootClient.tsx(67,33): error TS17004: Cannot use JSX unless the '--jsx' flag is provided.
app/(public)/rootClient.tsx(68,37): error TS17004: Cannot use JSX unless the '--jsx' flag is provided.
app/(public)/rootClient.tsx(69,37): error TS17004: Cannot use JSX unless the '--jsx' flag is provided.
app/(public)/rootClient.tsx(70,37): error TS17004: Cannot use JSX unless the '--jsx' flag is provided.
app/(public)/rootClient.tsx(73,41): error TS17004: Cannot use JSX unless the '--jsx' flag is provided.
app/(public)/rootClient.tsx(75,37): error TS17004: Cannot use JSX unless the '--jsx' flag is provided.
app/(public)/rootClient.tsx(81,25): error TS17004: Cannot use JSX unless the '--jsx' flag is provided.
app/(public)/rootClient.tsx(84,25): error TS17004: Cannot use JSX unless the '--jsx' flag is provided.
app/(public)/rootClient.tsx(85,29): error TS17004: Cannot use JSX unless the '--jsx' flag is provided.
app/(public)/rootClient.tsx(86,33): error TS17004: Cannot use JSX unless the '--jsx' flag is provided.
app/(public)/rootClient.tsx(87,37): error TS17004: Cannot use JSX unless the '--jsx' flag is provided.
app/(public)/rootClient.tsx(88,41): error TS17004: Cannot use JSX unless the '--jsx' flag is provided.
app/(public)/rootClient.tsx(89,41): error TS17004: Cannot use JSX unless the '--jsx' flag is provided.
app/(public)/rootClient.tsx(91,37): error TS17004: Cannot use JSX unless the '--jsx' flag is provided.
app/(public)/rootClient.tsx(92,41): error TS17004: Cannot use JSX unless the '--jsx' flag is provided.
app/(public)/rootClient.tsx(93,41): error TS17004: Cannot use JSX unless the '--jsx' flag is provided.
app/(public)/rootClient.tsx(96,33): error TS17004: Cannot use JSX unless the '--jsx' flag is provided.
app/(public)/rootClient.tsx(98,29): error TS17004: Cannot use JSX unless the '--jsx' flag is provided.
app/(public)/rootClient.tsx(99,33): error TS17004: Cannot use JSX unless the '--jsx' flag is provided.
app/(public)/rootClient.tsx(100,37): error TS17004: Cannot use JSX unless the '--jsx' flag is provided.
app/(public)/rootClient.tsx(101,41): error TS17004: Cannot use JSX unless the '--jsx' flag is provided.
app/(public)/rootClient.tsx(102,41): error TS17004: Cannot use JSX unless the '--jsx' flag is provided.
app/(public)/rootClient.tsx(104,37): error TS17004: Cannot use JSX unless the '--jsx' flag is provided.
app/(public)/rootClient.tsx(105,41): error TS17004: Cannot use JSX unless the '--jsx' flag is provided.
app/(public)/rootClient.tsx(106,41): error TS17004: Cannot use JSX unless the '--jsx' flag is provided.
app/(public)/rootClient.tsx(109,33): error TS17004: Cannot use JSX unless the '--jsx' flag is provided.
app/(public)/rootClient.tsx(111,29): error TS17004: Cannot use JSX unless the '--jsx' flag is provided.
app/(public)/rootClient.tsx(112,33): error TS17004: Cannot use JSX unless the '--jsx' flag is provided.
app/(public)/rootClient.tsx(113,37): error TS17004: Cannot use JSX unless the '--jsx' flag is provided.
app/(public)/rootClient.tsx(114,41): error TS17004: Cannot use JSX unless the '--jsx' flag is provided.
app/(public)/rootClient.tsx(115,41): error TS17004: Cannot use JSX unless the '--jsx' flag is provided.
app/(public)/rootClient.tsx(117,37): error TS17004: Cannot use JSX unless the '--jsx' flag is provided.
app/(public)/rootClient.tsx(118,41): error TS17004: Cannot use JSX unless the '--jsx' flag is provided.
app/(public)/rootClient.tsx(119,41): error TS17004: Cannot use JSX unless the '--jsx' flag is provided.
app/(public)/rootClient.tsx(122,33): error TS17004: Cannot use JSX unless the '--jsx' flag is provided.
app/(public)/rootClient.tsx(124,29): error TS17004: Cannot use JSX unless the '--jsx' flag is provided.
app/(public)/rootClient.tsx(125,33): error TS17004: Cannot use JSX unless the '--jsx' flag is provided.
app/(public)/rootClient.tsx(126,37): error TS17004: Cannot use JSX unless the '--jsx' flag is provided.
app/(public)/rootClient.tsx(127,41): error TS17004: Cannot use JSX unless the '--jsx' flag is provided.
app/(public)/rootClient.tsx(128,41): error TS17004: Cannot use JSX unless the '--jsx' flag is provided.
app/(public)/rootClient.tsx(130,37): error TS17004: Cannot use JSX unless the '--jsx' flag is provided.
app/(public)/rootClient.tsx(131,41): error TS17004: Cannot use JSX unless the '--jsx' flag is provided.
app/(public)/rootClient.tsx(132,41): error TS17004: Cannot use JSX unless the '--jsx' flag is provided.
app/(public)/rootClient.tsx(135,33): error TS17004: Cannot use JSX unless the '--jsx' flag is provided.
app/(public)/rootClient.tsx(137,29): error TS17004: Cannot use JSX unless the '--jsx' flag is provided.
app/(public)/rootClient.tsx(138,33): error TS17004: Cannot use JSX unless the '--jsx' flag is provided.
app/(public)/rootClient.tsx(139,37): error TS17004: Cannot use JSX unless the '--jsx' flag is provided.
app/(public)/rootClient.tsx(140,41): error TS17004: Cannot use JSX unless the '--jsx' flag is provided.
app/(public)/rootClient.tsx(141,41): error TS17004: Cannot use JSX unless the '--jsx' flag is provided.
app/(public)/rootClient.tsx(143,37): error TS17004: Cannot use JSX unless the '--jsx' flag is provided.
app/(public)/rootClient.tsx(144,41): error TS17004: Cannot use JSX unless the '--jsx' flag is provided.
app/(public)/rootClient.tsx(145,41): error TS17004: Cannot use JSX unless the '--jsx' flag is provided.
app/(public)/rootClient.tsx(148,33): error TS17004: Cannot use JSX unless the '--jsx' flag is provided.
app/(public)/rootClient.tsx(152,43): error TS17004: Cannot use JSX unless the '--jsx' flag is provided.
app/(public)/rootClient.tsx(153,45): error TS17004: Cannot use JSX unless the '--jsx' flag is provided.
node_modules/@prisma/client-runtime-utils/dist/index.d.ts(4,5): error TS18028: Private identifiers are only available when targeting ECMAScript 2015 and higher.
node_modules/@prisma/client-runtime-utils/dist/index.d.ts(10,5): error TS18028: Private identifiers are only available when targeting ECMAScript 2015 and higher.
node_modules/@prisma/client-runtime-utils/dist/index.d.ts(316,5): error TS18028: Private identifiers are only available when targeting ECMAScript 2015 and higher.
node_modules/react-icons/lib/iconBase.d.ts(19,5): error TS2503: Cannot find namespace 'JSX'.
